// Jest Snapshot v1, https://goo.gl/fbAQLP

exports[`PostTemplate renders correctly 1`] = `
<div>
  <div>
    <a
      href="/posts"
    >
      All Articles
    </a>
    <div>
      <div>
        <h1>
          test
        </h1>
        <div
          dangerouslySetInnerHTML={
            Object {
              "__html": "<p>test</p>",
            }
          }
        />
      </div>
    </div>
    <div>
      <div>
        <p>
          Published 
          Aug 31, 2016
        </p>
      </div>
      <div>
        <ul>
          <li>
            <a
              href="/test_0"
            >
              test_0
            </a>
          </li>
          <li>
            <a
              href="/test_1"
            >
              test_1
            </a>
          </li>
        </ul>
      </div>
      <div>
        <p>
          Test bio
          <a
            href="https://www.twitter.com/#"
            rel="noopener noreferrer"
            target="_blank"
          >
            <strong>
              Test name
            </strong>
             on Twitter
          </a>
        </p>
      </div>
    </div>
    <div />
  </div>
</div>
`;
